
*******************************
********** Parsed file ********
*******************************
type t1
type t2
[@@@gospel {| function c (x: t1) : t2 |}[@@gospel {| coercion |}]]

*******************************
****** GOSPEL translation *****
*******************************
(*@ open Stdlib *)

(*@ open Gospelstdlib *)

type t1
  

type t2
  

(*@ function c ...
    coercion *)

*******************************
********* Typed GOSPEL ********
*******************************
module basic.mli

  Namespace: basic.mli
    Type symbols
       t1
       t2
      
    Logic Symbols
      function c (_:t1) : t2
      
    Field Symbols
      
    Exception Symbols
      
    Namespaces
      
    Type Namespaces
      
  Signatures
    (*@ open Stdlib *)
    
    (*@ open Gospelstdlib *)
    
    type t1
         
    
    type t2
         
    
    (*@ function c (x:t1): t2
        coercion *)

OK
