
*******************************
********** Parsed file ********
*******************************
val f : int -> int[@@gospel
                    {| r = f x
  requires match x with
           | 1i -> true
           | _ when 1 = 2 -> false
|}]

*******************************
****** GOSPEL translation *****
*******************************
(*@ open Stdlib *)

(*@ open Gospelstdlib *)

val f : int -> int
(*@ r = f x
    requires ...
     *)
File "guard3.mli", line 3, characters 11-82:
Error: This pattern-matching may not be exhaustive because of the guard.
       Here is an example of a case that may not be matched:
         0i.
