
*******************************
********** Parsed file ********
*******************************
type t = (int * int)[@@gospel {| invariant 1 > 0 |}]

*******************************
****** GOSPEL translation *****
*******************************
(*@ open Stdlib *)

(*@ open Gospelstdlib *)

type t = (int * int)
  (*@ invariant ...
       *)
File "invariant3.mli", line 1, characters 0-51:
Error: Invariant on public type `t'.
