
*******************************
********** Parsed file ********
*******************************
[@@@gospel {| axiom a1: 1 |}]

*******************************
****** GOSPEL translation *****
*******************************
(*@ open Gospelstdlib *)

(*@ axiom ... *)
File "t1.mli", line 11, characters 11-12:
Error: This term has type `integer' but a term was expected of type `bool'.
