
*******************************
********** Parsed file ********
*******************************
[@@@gospel {| open T9 |}]

*******************************
****** GOSPEL translation *****
*******************************
(*@ open Stdlib *)

(*@ open Gospelstdlib *)

(*@ open T9 *)
File "./t9.mli", line 1, characters 45-46:
Error: This term has type `int' but a term was expected of type `bool'.
