
*******************************
********** Parsed file ********
*******************************
val f : ('a -> 'b -> 'c) -> 'a -> 'b -> 'c[@@gospel {| r = f x y |}]

*******************************
****** GOSPEL translation *****
*******************************
(*@ open Gospelstdlib *)

val f : ('a -> 'b -> 'c) -> 'a -> 'b -> 'c
(*@ r = f x y
     *)
File "_none_", line 1, characters 5-6:
Error: Type checking error: too few parameters
