
*******************************
********** Parsed file ********
*******************************
val f : x:('a -> 'b -> 'c) -> y:'a -> 'b -> 'c[@@gospel
                                                {| [b:integer],[a:'a] = f ~x [w:int] ~y [p:integer] z |}]

*******************************
****** GOSPEL translation *****
*******************************
(*@ open Gospelstdlib *)

val f : x:('a -> 'b -> 'c) -> y:'a -> 'b -> 'c
(*@ [b : TY], [a : TY] = f ~x [w : TY] ~y [p : TY] z
     *)
File "_none_", line 1:
Error: Type checking error: too few parameters
