
*******************************
********** Parsed file ********
*******************************
exception E of int * int 
[@@@gospel {| function integer_of_int (x:int): integer |}]
[@@@gospel {| function fst (x: 'a * 'a): 'a |}]
val f : 'a -> 'a[@@gospel
                  {| x = f y
    raises E x -> integer_of_int (fst x) = 1 |}]

*******************************
****** GOSPEL translation *****
*******************************
(*@ open Gospelstdlib *)

exception E of int * int 

(*@ function integer_of_int ... *)

(*@ function fst ... *)

val f : 'a -> 'a
(*@ x = f y
    with ...
     *)
gospel: internal error, uncaught exception:
        Gospel.Utils.Located(_, _)
        
