
*******************************
********** Parsed file ********
*******************************
type t = {
  x: int }
[@@@gospel {| function f (x: t): int =
    match x with
    | {x;z} -> x |}]

*******************************
****** GOSPEL translation *****
*******************************
(*@ open Gospelstdlib *)

type t = {
x: int }
  

(*@ function f ... *)
gospel: internal error, uncaught exception:
        Gospel.Utils.Located(_, _)
        
