
*******************************
********** Parsed file ********
*******************************
type 'a t = {
  x: int ;
  y: 'a }
[@@@gospel
  {| function f (x: 'a t): int =
    match x with
    | {x=x;y=x} -> x |}]

*******************************
****** GOSPEL translation *****
*******************************
(*@ open Gospelstdlib *)

type 'a t = {
x: int ;
y: 'a }
  

(*@ function f ... *)
File "_none_", line 1:
Error: Variable x is duplicated in pattern
