
*******************************
********** Parsed file ********
*******************************
[@@@gospel {| function rec f (x:bool): bool = f 2 |}]

*******************************
****** GOSPEL translation *****
*******************************
(*@ open Gospelstdlib *)

(*@ function rec f ... *)
File "t8.mli", line 1, characters 35-36:
Error: Type mismatch. Cannot match integer with bool
