
*******************************
********** Parsed file ********
*******************************
[@@@gospel {| function rec f (x: bool) (y: int): bool = f y x |}]

*******************************
****** GOSPEL translation *****
*******************************
(*@ open Gospelstdlib *)

(*@ function rec f ... *)
File "_none_", line 1:
Error: Type mysmatch. Cannot match int with bool
