
*******************************
********** Parsed file ********
*******************************
type t

*******************************
****** GOSPEL translation *****
*******************************
(*@ open Stdlib *)

(*@ open Gospelstdlib *)

type t
  

*******************************
********* Typed GOSPEL ********
*******************************
module a1.mli

  Namespace: a1.mli
    Type symbols
       t
      
    Logic Symbols
      
    Field Symbols
      
    Exception Symbols
      
    Namespaces
      
    Type Namespaces
      
  Signatures
    (*@ open Stdlib *)
    
    (*@ open Gospelstdlib *)
    
    type t
         

OK
