
*******************************
********** Parsed file ********
*******************************
[@@@gospel {| open Ocamlstdlib |}]
open B
type t4 = t3
type t5 = int A.t2
[@@@gospel {| function f5 (x: 'a A.t2) : A.t1 |}]

*******************************
****** GOSPEL translation *****
*******************************
(*@ open Stdlib *)

(*@ open Gospelstdlib *)

(*@ open Ocamlstdlib *)

open B

type t4 = t3
  

type t5 = int A.t2
  

(*@ function f5 ... *)
File "c.mli", line 1, characters 0-34:
Error: No module with name `Ocamlstdlib'.
