
*******************************
********** Parsed file ********
*******************************
type 'a t = 'a list
[@@@gospel {| open Set |}]

*******************************
****** GOSPEL translation *****
*******************************
(*@ open Gospelstdlib *)

type 'a t = 'a list
  

(*@ open Set *)

*******************************
********* Typed GOSPEL ********
*******************************
module open_existing_type.mli

  Namespace: open_existing_type.mli
    Type symbols
      ('a) t [='a list]
      
    Logic Symbols
      
    Field Symbols
      
    Exception Symbols
      
    Namespaces
      
    Type Namespaces
      
  Signatures
    (*@ open Gospelstdlib *)
    
    type 'a t = 'a list
         
    
    (*@ open Set *)

OK
