
*******************************
********** Parsed file ********
*******************************
type t1
type t2
[@@@gospel {| function c (x: t1) (y: t1) : t2 |}[@@gospel {| coercion |}]]

*******************************
****** GOSPEL translation *****
*******************************
(*@ open Gospelstdlib *)

type t1
  

type t2
  

(*@ function c ...
    coercion *)
File "_none_", line 1:
Error: Function c cannot be used as a coercion
